// Jest Snapshot v1, https://goo.gl/fbAQLP

exports[`Interface create Interface 1`] = `
"interface Character {
  id: ID
  name: String
  friends: [Character]
  appearsIn: [Episode]
}

type Droid implements Character {
  id: ID
  name: String
  friends: [Character]
  appearsIn: [Episode]
  primaryFunction: String
}

enum Episode {
  NEWHOPE
  EMPIRE
  JEDI
}

type Human implements Character {
  id: ID
  name: String
  friends: [Character]
  appearsIn: [Episode]
  homePlanet: String
}

type Query {
  hero(episode: Float): Character
  human(id: String): Human
  droid(id: String): Droid
}
"
`;
